interactions:
- request:
    body: !!python/unicode 'type=card&card%5Bnumber%5D=4100000000000019&card%5Bexp_year%5D=2040&card%5Bcvc%5D=123&card%5Bexp_month%5D=12'
    headers:
      Accept: ['*/*']
      Accept-Encoding: ['gzip, deflate']
      Connection: [keep-alive]
      Content-Length: ['108']
      Content-Type: [application/x-www-form-urlencoded]
      User-Agent: [Stripe/v1 PythonBindings/2.0.3]
      X-Stripe-Client-User-Agent: ['{"lang": "python", "publisher": "stripe", "httplib":
          "requests", "uname": "Linux a14dc52a31fd 4.15.0-45-generic #48-Ubuntu SMP
          Tue Jan 29 16:28:13 UTC 2019 x86_64 ", "lang_version": "2.7.9", "platform":
          "Linux-4.15.0-45-generic-x86_64-with-debian-8.5", "bindings_version": "2.0.3"}']
    method: POST
    uri: https://api.stripe.com/v1/sources
  response:
    body: {string: !!python/unicode "{\n  \"id\": \"src_1EFSZmL5bxql5W5W6iKfRPSX\"\
        ,\n  \"object\": \"source\",\n  \"amount\": null,\n  \"card\": {\n    \"exp_year\"\
        : 2040,\n    \"exp_month\": 12,\n    \"last4\": \"0019\",\n    \"country\"\
        : \"US\",\n    \"brand\": \"Visa\",\n    \"cvc_check\": \"unchecked\",\n \
        \   \"funding\": \"credit\",\n    \"fingerprint\": \"S0RX4p3XFqQNUDou\",\n\
        \    \"three_d_secure\": \"optional\",\n    \"name\": null,\n    \"address_line1_check\"\
        : null,\n    \"address_zip_check\": null,\n    \"tokenization_method\": null,\n\
        \    \"dynamic_last4\": null\n  },\n  \"client_secret\": \"src_client_secret_EiuO7avZ7tjXmaQy4pyrIDbw\"\
        ,\n  \"created\": 1552942854,\n  \"currency\": null,\n  \"flow\": \"none\"\
        ,\n  \"livemode\": false,\n  \"metadata\": {\n  },\n  \"owner\": {\n    \"\
        address\": null,\n    \"email\": null,\n    \"name\": null,\n    \"phone\"\
        : null,\n    \"verified_address\": null,\n    \"verified_email\": null,\n\
        \    \"verified_name\": null,\n    \"verified_phone\": null\n  },\n  \"statement_descriptor\"\
        : null,\n  \"status\": \"chargeable\",\n  \"type\": \"card\",\n  \"usage\"\
        : \"reusable\"\n}\n"}
    headers:
      access-control-allow-credentials: ['true']
      access-control-allow-methods: ['GET, POST, HEAD, OPTIONS, DELETE']
      access-control-allow-origin: ['*']
      access-control-expose-headers: ['Request-Id, Stripe-Manage-Version, X-Stripe-External-Auth-Required,
          X-Stripe-Privileged-Session-Required']
      access-control-max-age: ['300']
      cache-control: ['no-cache, no-store']
      connection: [keep-alive]
      content-length: ['951']
      content-type: [application/json]
      date: ['Mon, 18 Mar 2019 21:00:54 GMT']
      request-id: [req_XgndN04eXTkZMj]
      server: [nginx]
      strict-transport-security: [max-age=31556926; includeSubDomains; preload]
      stripe-version: ['2017-12-14']
    status: {code: 200, message: OK}
- request:
    body: null
    headers:
      Accept: ['*/*']
      Accept-Encoding: ['gzip, deflate']
      Connection: [keep-alive]
      User-Agent: [Stripe/v1 PythonBindings/2.0.3]
      X-Stripe-Client-User-Agent: ['{"lang": "python", "publisher": "stripe", "httplib":
          "requests", "uname": "Linux a14dc52a31fd 4.15.0-45-generic #48-Ubuntu SMP
          Tue Jan 29 16:28:13 UTC 2019 x86_64 ", "lang_version": "2.7.9", "platform":
          "Linux-4.15.0-45-generic-x86_64-with-debian-8.5", "bindings_version": "2.0.3"}']
    method: GET
    uri: https://api.stripe.com/v1/sources/src_1EFSZmL5bxql5W5W6iKfRPSX
  response:
    body: {string: !!python/unicode "{\n  \"id\": \"src_1EFSZmL5bxql5W5W6iKfRPSX\"\
        ,\n  \"object\": \"source\",\n  \"amount\": null,\n  \"card\": {\n    \"exp_year\"\
        : 2040,\n    \"exp_month\": 12,\n    \"last4\": \"0019\",\n    \"country\"\
        : \"US\",\n    \"brand\": \"Visa\",\n    \"cvc_check\": \"unchecked\",\n \
        \   \"funding\": \"credit\",\n    \"fingerprint\": \"S0RX4p3XFqQNUDou\",\n\
        \    \"three_d_secure\": \"optional\",\n    \"name\": null,\n    \"address_line1_check\"\
        : null,\n    \"address_zip_check\": null,\n    \"tokenization_method\": null,\n\
        \    \"dynamic_last4\": null\n  },\n  \"client_secret\": \"src_client_secret_EiuO7avZ7tjXmaQy4pyrIDbw\"\
        ,\n  \"created\": 1552942854,\n  \"currency\": null,\n  \"flow\": \"none\"\
        ,\n  \"livemode\": false,\n  \"metadata\": {\n  },\n  \"owner\": {\n    \"\
        address\": null,\n    \"email\": null,\n    \"name\": null,\n    \"phone\"\
        : null,\n    \"verified_address\": null,\n    \"verified_email\": null,\n\
        \    \"verified_name\": null,\n    \"verified_phone\": null\n  },\n  \"statement_descriptor\"\
        : null,\n  \"status\": \"chargeable\",\n  \"type\": \"card\",\n  \"usage\"\
        : \"reusable\"\n}\n"}
    headers:
      access-control-allow-credentials: ['true']
      access-control-allow-methods: ['GET, POST, HEAD, OPTIONS, DELETE']
      access-control-allow-origin: ['*']
      access-control-expose-headers: ['Request-Id, Stripe-Manage-Version, X-Stripe-External-Auth-Required,
          X-Stripe-Privileged-Session-Required']
      access-control-max-age: ['300']
      cache-control: ['no-cache, no-store']
      connection: [keep-alive]
      content-length: ['951']
      content-type: [application/json]
      date: ['Mon, 18 Mar 2019 21:00:56 GMT']
      request-id: [req_fEDIVsdmfmL4mZ]
      server: [nginx]
      strict-transport-security: [max-age=31556926; includeSubDomains; preload]
      stripe-version: ['2017-12-14']
    status: {code: 200, message: OK}
- request:
    body: !!python/unicode 'redirect%5Breturn_url%5D=http%3A%2F%2Flocomotive%3A3000%2Finvader%2Fcart%2Fcheck_payment%2Fstripe&currency=USD&amount=294750&type=three_d_secure&three_d_secure%5Bcard%5D=src_1EFSZmL5bxql5W5W6iKfRPSX'
    headers:
      Accept: ['*/*']
      Accept-Encoding: ['gzip, deflate']
      Connection: [keep-alive]
      Content-Length: ['198']
      Content-Type: [application/x-www-form-urlencoded]
      User-Agent: [Stripe/v1 PythonBindings/2.0.3]
      X-Stripe-Client-User-Agent: ['{"lang": "python", "publisher": "stripe", "httplib":
          "requests", "uname": "Linux a14dc52a31fd 4.15.0-45-generic #48-Ubuntu SMP
          Tue Jan 29 16:28:13 UTC 2019 x86_64 ", "lang_version": "2.7.9", "platform":
          "Linux-4.15.0-45-generic-x86_64-with-debian-8.5", "bindings_version": "2.0.3"}']
    method: POST
    uri: https://api.stripe.com/v1/sources
  response:
    body: {string: !!python/unicode "{\n  \"id\": \"src_1EFSZpL5bxql5W5Wk21JnzX6\"\
        ,\n  \"object\": \"source\",\n  \"amount\": 294750,\n  \"client_secret\":\
        \ \"src_client_secret_EiuOXhFjEQwZqC4oVCTMRzhQ\",\n  \"created\": 1552942857,\n\
        \  \"currency\": \"usd\",\n  \"flow\": \"redirect\",\n  \"livemode\": false,\n\
        \  \"metadata\": {\n  },\n  \"owner\": {\n    \"address\": {\n      \"city\"\
        : null,\n      \"country\": null,\n      \"line1\": null,\n      \"line2\"\
        : null,\n      \"postal_code\": null,\n      \"state\": null\n    },\n   \
        \ \"email\": null,\n    \"name\": null,\n    \"phone\": null,\n    \"verified_address\"\
        : null,\n    \"verified_email\": null,\n    \"verified_name\": null,\n   \
        \ \"verified_phone\": null\n  },\n  \"redirect\": {\n    \"failure_reason\"\
        : null,\n    \"return_url\": \"http://locomotive:3000/invader/cart/check_payment/stripe\"\
        ,\n    \"status\": \"not_required\",\n    \"url\": \"https://hooks.stripe.com/redirect/authenticate/src_1EFSZpL5bxql5W5Wk21JnzX6?client_secret=src_client_secret_EiuOXhFjEQwZqC4oVCTMRzhQ\"\
        \n  },\n  \"statement_descriptor\": null,\n  \"status\": \"chargeable\",\n\
        \  \"three_d_secure\": {\n    \"card\": \"src_1EFSZmL5bxql5W5W6iKfRPSX\",\n\
        \    \"exp_month\": 12,\n    \"exp_year\": 2040,\n    \"last4\": \"0019\"\
        ,\n    \"country\": \"US\",\n    \"brand\": \"Visa\",\n    \"cvc_check\":\
        \ \"unchecked\",\n    \"funding\": \"credit\",\n    \"fingerprint\": \"S0RX4p3XFqQNUDou\"\
        ,\n    \"three_d_secure\": \"optional\",\n    \"customer\": null,\n    \"\
        authenticated\": false,\n    \"name\": null,\n    \"address_line1_check\"\
        : null,\n    \"address_zip_check\": null,\n    \"tokenization_method\": null,\n\
        \    \"dynamic_last4\": null\n  },\n  \"type\": \"three_d_secure\",\n  \"\
        usage\": \"single_use\"\n}\n"}
    headers:
      access-control-allow-credentials: ['true']
      access-control-allow-methods: ['GET, POST, HEAD, OPTIONS, DELETE']
      access-control-allow-origin: ['*']
      access-control-expose-headers: ['Request-Id, Stripe-Manage-Version, X-Stripe-External-Auth-Required,
          X-Stripe-Privileged-Session-Required']
      access-control-max-age: ['300']
      cache-control: ['no-cache, no-store']
      connection: [keep-alive]
      content-length: ['1512']
      content-type: [application/json]
      date: ['Mon, 18 Mar 2019 21:00:57 GMT']
      request-id: [req_q5V6Nid3UlUAGK]
      server: [nginx]
      strict-transport-security: [max-age=31556926; includeSubDomains; preload]
      stripe-version: ['2017-12-14']
    status: {code: 200, message: OK}
- request:
    body: !!python/unicode 'currency=USD&capture=True&amount=294750&description=SO002%7Cdeltapc%40yourcompany.example.com%7C262&source=src_1EFSZmL5bxql5W5W6iKfRPSX'
    headers:
      Accept: ['*/*']
      Accept-Encoding: ['gzip, deflate']
      Connection: [keep-alive]
      Content-Length: ['135']
      Content-Type: [application/x-www-form-urlencoded]
      User-Agent: [Stripe/v1 PythonBindings/2.0.3]
      X-Stripe-Client-User-Agent: ['{"lang": "python", "publisher": "stripe", "httplib":
          "requests", "uname": "Linux a14dc52a31fd 4.15.0-45-generic #48-Ubuntu SMP
          Tue Jan 29 16:28:13 UTC 2019 x86_64 ", "lang_version": "2.7.9", "platform":
          "Linux-4.15.0-45-generic-x86_64-with-debian-8.5", "bindings_version": "2.0.3"}']
    method: POST
    uri: https://api.stripe.com/v1/charges
  response:
    body: {string: !!python/unicode "{\n  \"error\": {\n    \"charge\": \"ch_1EFSZqL5bxql5W5WkFKCJNc6\"\
        ,\n    \"code\": \"card_declined\",\n    \"decline_code\": \"fraudulent\"\
        ,\n    \"doc_url\": \"https://stripe.com/docs/error-codes/card-declined\"\
        ,\n    \"message\": \"Your card was declined.\",\n    \"type\": \"card_error\"\
        \n  }\n}\n"}
    headers:
      access-control-allow-credentials: ['true']
      access-control-allow-methods: ['GET, POST, HEAD, OPTIONS, DELETE']
      access-control-allow-origin: ['*']
      access-control-expose-headers: ['Request-Id, Stripe-Manage-Version, X-Stripe-External-Auth-Required,
          X-Stripe-Privileged-Session-Required']
      access-control-max-age: ['300']
      cache-control: ['no-cache, no-store']
      connection: [keep-alive]
      content-length: ['264']
      content-type: [application/json]
      date: ['Mon, 18 Mar 2019 21:00:58 GMT']
      request-id: [req_hsRWNHT1KZfpcv]
      server: [nginx]
      strict-transport-security: [max-age=31556926; includeSubDomains; preload]
      stripe-version: ['2017-12-14']
    status: {code: 402, message: Payment Required}
version: 1
